[System]
Scanner=Skyscan1172
Instrument S/N=08G01117
Hardware version=F
Software=Version 1. 5 (build 20)
Home directory=C:\SkyScan1172F_01117
Source Type=Hamamatsu 100/250
Camera=Hamamatsu C9300 11Mp camera
Camera Pixel Size (um)=    8.72
CameraXYRatio=1.0040
Incl.in lifting (um/mm)=0.9425
[Acquisition]
Data directory=D:\SkyScan Data\dm733\PVA_Empty_square
Filename Prefix=PVA-Empty_square_S1_
Configuration=D:\SkyScan Data\dm733\johann1\config
Number of Files=  803
Source Voltage (kV)=  59
Source Current (uA)= 169
Number of Rows= 2672
Number of Columns= 4000
Image crop origin X=   0
Image crop origin Y=0
Camera binning=1x1
Image Rotation=0.2200
Gantry direction=CC
Image Pixel Size (um)=    2.97
Object to Source (mm)=66.610
Camera to Source (mm)=195.679
Vertical Object Position (mm)=28.600
Optical Axis (line)=1388
Filter=No filter
Image Format=TIFF
Depth (bits)=16
Screen LUT=0
Exposure (ms)=   780
Rotation Step (deg)=0.250
Frame Averaging=ON (5)
Random Movement=OFF (10)
Use 360 Rotation=NO
Geometrical Correction=ON
Camera Offset=OFF
Median Filtering=ON
Flat Field Correction=ON
Rotation Direction=CC
Scanning Trajectory=ROUND
Type Of Motion=STEP AND SHOOT
Study Date and Time=Apr 18, 2016  10:22:31
Scan duration=01:24:40
[Reconstruction]
Reconstruction Program=NRecon
Program Version=Version: 1.6.9.8
Program Home Directory=C:\SkyScan
Reconstruction engine=GPUReconServer
Engine version=Version: 1.6.9
Reconstruction from batch=Yes
Postalignment=2.00
Reconstruction servers= LOASHAN 
Option for additional F4F float format=OFF
Dataset Origin=Skyscan1172
Dataset Prefix=PVA-Empty_square_S1_
Dataset Directory=I:\dm733\XmCT\PVA_Empty_square
Output Directory=H:\dm733\XmCT\3D_printing\PVA_Empty_square_S1\new
Time and Date=Apr 18, 2016  22:27:16
First Section=96
Last Section=2557
Reconstruction duration per slice (seconds)=0.747561
Total reconstruction time (820 slices) in seconds=613.000000
Section to Section Step=2
Sections Count=411
Result File Type=BMP
Result File Header Length (bytes)=1134
Result Image Width (pixels)=924
Result Image Height (pixels)=924
Pixel Size (um)=8.91019
Reconstruction Angular Range (deg)=200.50
Use 180+=OFF
Angular Step (deg)=0.2500
Smoothing=0
Ring Artifact Correction=18
Draw Scales=OFF
Object Bigger than FOV=OFF
Reconstruction from ROI=ON
ROI Top (pixels)=3339
ROI Bottom (pixels)=557
ROI Left (pixels)=567
ROI Right (pixels)=3349
ROI reference length=4000
Filter cutoff relative to Nyquisit frequency=100
Filter type=0
Filter type meaning(1)=0: Hamming (Ramp in case of optical scanner); 1: Hann; 2: Ramp; 3: Almost Ramp; 
Filter type meaning(2)=11: Cosine; 12: Shepp-Logan; [100,200]: Generalized Hamming, alpha=(iFilter-100)/100
Undersampling factor=3
Threshold for defect pixel mask (%)=0
Beam Hardening Correction (%)=20
CS Static Rotation (deg)=0.00
Minimum for CS to Image Conversion=-0.085126
Maximum for CS to Image Conversion=0.115360
HU Calibration=OFF
BMP LUT=0
Cone-beam Angle Horiz.(deg)=10.192056
Cone-beam Angle Vert.(deg)=6.818246
[File name convention]
Filename Index Length=4
Filename Prefix=PVA-Empty_square_S1__rec
